>IR1|TESG1|f:0|s:+|@chr1:207-250(-)@chr1:251-299(-)@chr1:300-343(-)
PVERSHAXSGMGHCSSSGPCCLHVTXYHNQAXGKDWRKDEXEHQL
>IR2|TESG1|f:1|s:+|@chr1:207-250(-)@chr1:251-299(-)@chr1:300-343(-)
LWRGAMPRVGWAIVHLLAPVVCMXLNTTTRHRGKIGGKMSESINF
>IR3|TESG1|f:2|s:+|@chr1:207-250(-)@chr1:251-299(-)@chr1:300-343(-)
CGEEPCLEWDGPLFIFWPLLSACNLIPQPGIGERLEERXVRASTS
>IR4|TESG3|f:0|s:-|@chr1:657-700(-)@chr1:701-719(-)@chr1:720-740(-)@chr1:760-782(-)
SSGQSKGRCSCLSGRGLLLVKLGRQKAVRNVISGW
>IR5|TESG3|f:1|s:-|@chr1:657-700(-)@chr1:701-719(-)@chr1:720-740(-)@chr1:760-782(-)
PAGRAKEGAAACQEEAYFWXNWADKRQXEMXSRGG
>IR6|TESG3|f:2|s:-|@chr1:657-700(-)@chr1:701-719(-)@chr1:720-740(-)@chr1:760-782(-)
QRAEQRKVQLPVRKRPTSGETGQTKGSEKCDLGVV
